// Jest Snapshot v1, https://goo.gl/fbAQLP

exports[`<LearningContainer> general rendering renders correctly 1`] = `
<div
  onKeyDown={[Function]}
  tabIndex="0"
>
  <ContextProvider
    value={
      Object {
        "info_questions": Array [],
        "q_next": 1,
        "q_number": 8,
        "total_q": 2,
      }
    }
  >
    <ProgressBar
      viewAnotherQuestionHandler={[Function]}
    />
    <SummaryContainer
      resetHandler={[Function]}
      sumData={
        Array [
          Array [],
          Array [],
          Array [],
        ]
      }
    />
  </ContextProvider>
</div>
`;
