// Jest Snapshot v1, https://goo.gl/fbAQLP

exports[`<LearningContainer> general rendering renders correctly 1`] = `
<ContextProvider
  value={
    Object {
      "info_questions": Array [],
      " questionNext": 1,
      " questionNumber": 8,
      "totalQuestions": 2,
    }
  }
>
  <ProgressBar
    viewAnotherQuestionHandler={[Function]}
  />
  <SummaryContainer
    resetHandler={[Function]}
    sumData={
      Array [
        Array [],
        Array [],
        Array [],
      ]
    }
  />
</ContextProvider>
`;
