// Jest Snapshot v1, https://goo.gl/fbAQLP

exports[`<Layout> renders correctly 1`] = `
<Fragment>
  <Navigation
    AllQuestions={
      Object {
        "meta": Object {
          "name": "...",
        },
      }
    }
    soundHandler={[Function]}
    soundOn={false}
  />
  <LoaderAnimation />
</Fragment>
`;

exports[`<Layout> renders correctly 2`] = `
<Fragment>
  <Navigation
    AllQuestions={
      Object {
        "meta": Object {
          "name": "...",
        },
      }
    }
    soundHandler={[Function]}
    soundOn={false}
  />
  <LoaderAnimation />
</Fragment>
`;
