// Jest Snapshot v1, https://goo.gl/fbAQLP

exports[`<SummaryTable> renders correctly 1`] = `
<Fragment>
  <div>
    <table
      className="sumTable"
    >
      <thead>
        <tr>
          <th>
            type of answer
          </th>
          <th>
            in numbers
          </th>
          <th>
            in precent
          </th>
        </tr>
      </thead>
      <tbody>
        <tr>
          <td>
            without errors
          </td>
          <td>
            4
          </td>
          <td>
            80
            %
          </td>
        </tr>
        <tr>
          <td>
            on second attempt
          </td>
          <td>
            1
          </td>
          <td>
            20
            %
          </td>
        </tr>
        <tr>
          <td>
            after second attempt
          </td>
          <td>
            0
          </td>
          <td>
            0
            %
          </td>
        </tr>
      </tbody>
    </table>
  </div>
</Fragment>
`;
